15:34:13.530 [main] INFO  testCases.TC002_Logintest - entered password: sandeep12
15:34:17.842 [main] INFO  testCases.TC003_LoginDDT - ******Starting TC002_Logintest******
15:34:18.270 [main] INFO  testCases.TC003_LoginDDT - ******login******
15:34:18.432 [main] INFO  testCases.TC003_LoginDDT - entered email: sandeep8@gmail.com
15:34:18.522 [main] INFO  testCases.TC003_LoginDDT - entered pass: sandeep12
15:34:21.890 [main] INFO  testCases.TC003_LoginDDT - ******Starting TC002_Logintest******
15:34:22.363 [main] INFO  testCases.TC003_LoginDDT - ******login******
15:34:22.525 [main] INFO  testCases.TC003_LoginDDT - entered email: lakshmi@yahoo.com
15:34:22.623 [main] INFO  testCases.TC003_LoginDDT - entered pass: Laxmi
15:34:35.127 [main] INFO  testCases.TC003_LoginDDT - ******Starting TC002_Logintest******
15:34:35.509 [main] INFO  testCases.TC003_LoginDDT - ******login******
15:34:35.695 [main] INFO  testCases.TC003_LoginDDT - entered email: laksh@yahoo.com
15:34:35.782 [main] INFO  testCases.TC003_LoginDDT - entered pass: Lakshmi
15:34:39.218 [main] INFO  testCases.TC003_LoginDDT - ******Starting TC002_Logintest******
15:34:39.616 [main] INFO  testCases.TC003_LoginDDT - ******login******
15:34:39.750 [main] INFO  testCases.TC003_LoginDDT - entered email: laks@yahoo.com
15:34:39.846 [main] INFO  testCases.TC003_LoginDDT - entered pass: xyz
15:34:52.439 [main] INFO  testCases.TC003_LoginDDT - ******Starting TC002_Logintest******
15:34:52.837 [main] INFO  testCases.TC003_LoginDDT - ******login******
15:34:52.980 [main] INFO  testCases.TC003_LoginDDT - entered email: abc123@gmail.com
15:34:53.067 [main] INFO  testCases.TC003_LoginDDT - entered pass: test@123
15:34:56.673 [main] INFO  testCases.TC003_LoginDDT - ******Starting TC002_Logintest******
15:34:57.054 [main] INFO  testCases.TC003_LoginDDT - ******login******
15:34:57.158 [main] INFO  testCases.TC003_LoginDDT - entered email: 
15:34:57.275 [main] INFO  testCases.TC003_LoginDDT - entered pass: sandeep12a
15:36:54.214 [main] INFO  org.testng.internal.Utils - [Utils] MethodGroupsHelper.collectMethodsByGroup() took 1 ms.
15:36:54.221 [main] INFO  org.testng.internal.Utils - [Utils] MethodGroupsHelper.sortMethods() took 3 ms.
15:36:54.224 [main] INFO  org.testng.internal.Utils - [Utils] MethodGroupsHelper.collectMethodsByGroup() took 0 ms.
15:36:54.224 [main] INFO  org.testng.internal.Utils - [Utils] MethodGroupsHelper.sortMethods() took 0 ms.
15:36:54.225 [main] INFO  org.testng.internal.Utils - [Utils] MethodGroupsHelper.collectMethodsByGroup() took 0 ms.
15:36:54.225 [main] INFO  org.testng.internal.Utils - [Utils] MethodGroupsHelper.sortMethods() took 0 ms.
15:36:54.226 [main] INFO  org.testng.internal.Utils - [Utils] MethodGroupsHelper.collectMethodsByGroup() took 0 ms.
15:36:54.227 [main] INFO  org.testng.internal.Utils - [Utils] MethodGroupsHelper.sortMethods() took 0 ms.
15:36:54.227 [main] INFO  org.testng.internal.Utils - [Utils] MethodGroupsHelper.collectMethodsByGroup() took 0 ms.
15:36:54.227 [main] INFO  org.testng.internal.Utils - [Utils] MethodGroupsHelper.sortMethods() took 0 ms.
15:36:54.228 [main] INFO  org.testng.internal.Utils - [Utils] MethodGroupsHelper.collectMethodsByGroup() took 0 ms.
15:36:54.228 [main] INFO  org.testng.internal.Utils - [Utils] MethodGroupsHelper.sortMethods() took 0 ms.
15:36:54.229 [main] INFO  org.testng.internal.Utils - [Utils] MethodGroupsHelper.collectMethodsByGroup() took 0 ms.
15:36:54.229 [main] INFO  org.testng.internal.Utils - [Utils] MethodGroupsHelper.sortMethods() took 0 ms.
15:36:54.230 [main] INFO  org.testng.internal.Utils - [Utils] MethodGroupsHelper.collectMethodsByGroup() took 0 ms.
15:36:54.231 [main] INFO  org.testng.internal.Utils - [Utils] MethodGroupsHelper.sortMethods() took 0 ms.
15:36:54.242 [main] INFO  org.testng.internal.Utils - [Utils] MethodGroupsHelper.collectMethodsByGroup() took 6 ms.
15:36:54.254 [main] INFO  org.testng.internal.Utils - [Utils] MethodGroupsHelper.sortMethods() took 11 ms.
15:36:54.256 [main] INFO  org.testng.internal.Utils - [Utils] MethodGroupsHelper.collectMethodsByGroup() took 1 ms.
15:36:54.256 [main] INFO  org.testng.internal.Utils - [Utils] MethodGroupsHelper.sortMethods() took 0 ms.
15:36:54.260 [main] INFO  org.testng.internal.Utils - [Utils] MethodGroupsHelper.collectMethodsByGroup() took 0 ms.
15:36:54.260 [main] INFO  org.testng.internal.Utils - [Utils] MethodGroupsHelper.sortMethods() took 0 ms.
15:36:54.260 [main] INFO  org.testng.internal.Utils - [Utils] MethodGroupsHelper.collectMethodsByGroup() took 0 ms.
15:36:54.260 [main] INFO  org.testng.internal.Utils - [Utils] MethodGroupsHelper.sortMethods() took 0 ms.
15:36:54.261 [main] INFO  org.testng.internal.Utils - [Utils] MethodGroupsHelper.collectMethodsByGroup() took 0 ms.
15:36:54.262 [main] INFO  org.testng.internal.Utils - [Utils] MethodGroupsHelper.sortMethods() took 1 ms.
15:36:54.263 [main] INFO  org.testng.internal.Utils - [Utils] MethodGroupsHelper.collectMethodsByGroup() took 0 ms.
