18:14:14.286 [main] INFO  testCases.TC004_AccountRegistrationDDT - entered email is: nbNowEZ@gmail.com
18:14:14.451 [main] INFO  testCases.TC004_AccountRegistrationDDT - entered phone is: 9876543211
18:14:16.338 [main] INFO  testCases.TC004_AccountRegistrationDDT - *************filled all the details*********
18:14:18.558 [main] INFO  testCases.TC004_AccountRegistrationDDT - *************Starting TC001_AccountRegistrationtest*********
18:14:18.649 [main] INFO  testCases.TC004_AccountRegistrationDDT - *************clicked on myaccount*********
18:14:19.011 [main] INFO  testCases.TC004_AccountRegistrationDDT - *************clicked on register*********
18:14:19.011 [main] INFO  testCases.TC004_AccountRegistrationDDT - *************opened reg page*********
18:14:19.156 [main] INFO  testCases.TC004_AccountRegistrationDDT - entered firstname is: Arjun
18:14:19.324 [main] INFO  testCases.TC004_AccountRegistrationDDT - entered lastname is: Kumar
18:14:19.477 [main] INFO  testCases.TC004_AccountRegistrationDDT - entered email is: aRrnVAH@gmail.com
18:14:19.582 [main] INFO  testCases.TC004_AccountRegistrationDDT - entered phone is: 9876543212
18:14:21.324 [main] INFO  testCases.TC004_AccountRegistrationDDT - *************filled all the details*********
18:14:24.525 [main] INFO  testCases.TC004_AccountRegistrationDDT - *************Starting TC001_AccountRegistrationtest*********
18:14:24.657 [main] INFO  testCases.TC004_AccountRegistrationDDT - *************clicked on myaccount*********
18:14:25.287 [main] INFO  testCases.TC004_AccountRegistrationDDT - *************clicked on register*********
18:14:25.292 [main] INFO  testCases.TC004_AccountRegistrationDDT - *************opened reg page*********
18:14:25.488 [main] INFO  testCases.TC004_AccountRegistrationDDT - entered firstname is: Sneha
18:14:25.654 [main] INFO  testCases.TC004_AccountRegistrationDDT - entered lastname is: Patel
18:14:25.798 [main] INFO  testCases.TC004_AccountRegistrationDDT - entered email is: EPDjowm@gmail.com
18:14:25.977 [main] INFO  testCases.TC004_AccountRegistrationDDT - entered phone is: 9876543213
18:14:27.840 [main] INFO  testCases.TC004_AccountRegistrationDDT - *************filled all the details*********
18:14:30.010 [main] INFO  testCases.TC004_AccountRegistrationDDT - *************Starting TC001_AccountRegistrationtest*********
18:14:30.104 [main] INFO  testCases.TC004_AccountRegistrationDDT - *************clicked on myaccount*********
18:14:30.472 [main] INFO  testCases.TC004_AccountRegistrationDDT - *************clicked on register*********
18:14:30.472 [main] INFO  testCases.TC004_AccountRegistrationDDT - *************opened reg page*********
18:14:30.631 [main] INFO  testCases.TC004_AccountRegistrationDDT - entered firstname is: Kiran
18:14:30.832 [main] INFO  testCases.TC004_AccountRegistrationDDT - entered lastname is: Naidu
18:14:30.977 [main] INFO  testCases.TC004_AccountRegistrationDDT - entered email is: AnXgcDF@gmail.com
18:14:31.129 [main] INFO  testCases.TC004_AccountRegistrationDDT - entered phone is: 9876543214
18:14:32.890 [main] INFO  testCases.TC004_AccountRegistrationDDT - *************filled all the details*********
18:14:35.036 [main] INFO  testCases.TC004_AccountRegistrationDDT - *************Starting TC001_AccountRegistrationtest*********
18:14:35.191 [main] INFO  testCases.TC004_AccountRegistrationDDT - *************clicked on myaccount*********
18:14:35.594 [main] INFO  testCases.TC004_AccountRegistrationDDT - *************clicked on register*********
18:14:35.594 [main] INFO  testCases.TC004_AccountRegistrationDDT - *************opened reg page*********
18:14:35.781 [main] INFO  testCases.TC004_AccountRegistrationDDT - entered firstname is: Anitha
18:14:35.910 [main] INFO  testCases.TC004_AccountRegistrationDDT - entered lastname is: Rao
18:14:36.039 [main] INFO  testCases.TC004_AccountRegistrationDDT - entered email is: PqcyYLN@gmail.com
18:14:36.185 [main] INFO  testCases.TC004_AccountRegistrationDDT - entered phone is: 9876543215
18:14:38.185 [main] INFO  testCases.TC004_AccountRegistrationDDT - *************filled all the details*********
18:14:40.373 [main] INFO  testCases.TC004_AccountRegistrationDDT - *************Starting TC001_AccountRegistrationtest*********
18:14:40.498 [main] INFO  testCases.TC004_AccountRegistrationDDT - *************clicked on myaccount*********
18:14:40.890 [main] INFO  testCases.TC004_AccountRegistrationDDT - *************clicked on register*********
18:14:40.893 [main] INFO  testCases.TC004_AccountRegistrationDDT - *************opened reg page*********
18:14:41.026 [main] INFO  testCases.TC004_AccountRegistrationDDT - entered firstname is: Vikram
18:14:41.177 [main] INFO  testCases.TC004_AccountRegistrationDDT - entered lastname is: Singh
18:14:41.297 [main] INFO  testCases.TC004_AccountRegistrationDDT - entered email is: HrYctqC@gmail.com
18:14:41.414 [main] INFO  testCases.TC004_AccountRegistrationDDT - entered phone is: 9876543216
